******************************************************************************
                  TI ARM Linker PC v16.9.1                     
******************************************************************************
>> Linked Sun May 28 21:18:42 2017

OUTPUT FILE NAME:   <GPIO_Switch.out>
ENTRY POINT SYMBOL: "_c_int00"  address: 0000070d


MEMORY CONFIGURATION

         name            origin    length      used     unused   attr    fill
----------------------  --------  ---------  --------  --------  ----  --------
  FLASH                 00000000   00040000  0000090a  0003f6f6  R  X
  SRAM                  20000000   00008000  00000218  00007de8  RW X


SEGMENT ALLOCATION MAP

run origin  load origin   length   init length attrs members
----------  ----------- ---------- ----------- ----- -------
00000000    00000000    0000090c   0000090c    r-x
  00000000    00000000    0000026c   0000026c    r-- .intvecs
  0000026c    0000026c    0000067a   0000067a    r-x .text
  000008e8    000008e8    00000024   00000024    r-- .cinit
20000000    20000000    00000218   00000000    rw-
  20000000    20000000    00000200   00000000    rw- .stack
  20000200    20000200    00000018   00000000    rw- .data


SECTION ALLOCATION MAP

 output                                  attributes/
section   page    origin      length       input sections
--------  ----  ----------  ----------   ----------------
.intvecs   0    00000000    0000026c     
                  00000000    0000026c     tm4c123gh6pm_startup_ccs.obj (.intvecs)

.text      0    0000026c    0000067a     
                  0000026c    00000132     driverlib.lib : gpio.obj (.text:GPIOPadConfigSet)
                  0000039e    00000002     rtsv7M4_T_le_v4SPD16_eabi.lib : mpu_init.obj (.text)
                  000003a0    00000104     main.obj (.text)
                  000004a4    000000f4     driverlib.lib : sysctl.obj (.text:SysCtlClockSet)
                  00000598    0000009c     rtsv7M4_T_le_v4SPD16_eabi.lib : memcpy_t2.obj (.text)
                  00000634    00000070                                   : autoinit.obj (.text)
                  000006a4    00000068                                   : copy_decompress_lzss.obj (.text:decompress:lzss)
                  0000070c    00000054                                   : boot.obj (.text)
                  00000760    00000054                                   : exit.obj (.text)
                  000007b4    0000004c                                   : cpy_tbl.obj (.text)
                  00000800    00000034     driverlib.lib : sysctl.obj (.text:SysCtlPeripheralEnable)
                  00000834    0000002a                   : gpio.obj (.text:GPIODirModeSet)
                  0000085e    00000018                   : gpio.obj (.text:GPIOPinTypeGPIOOutput)
                  00000876    00000002     rtsv7M4_T_le_v4SPD16_eabi.lib : startup.obj (.text)
                  00000878    00000018                                   : args_main.obj (.text)
                  00000890    00000014                                   : _lock.obj (.text)
                  000008a4    00000012     driverlib.lib : gpio.obj (.text:GPIOPinTypeGPIOInput)
                  000008b6    0000000e     rtsv7M4_T_le_v4SPD16_eabi.lib : copy_decompress_none.obj (.text:decompress:none)
                  000008c4    0000000c     tm4c123gh6pm_startup_ccs.obj (.text)
                  000008d0    00000006     driverlib.lib : gpio.obj (.text:GPIOPinRead)
                  000008d6    00000006                   : gpio.obj (.text:GPIOPinWrite)
                  000008dc    00000006                   : sysctl.obj (.text:SysCtlDelay)
                  000008e2    00000004     rtsv7M4_T_le_v4SPD16_eabi.lib : pre_init.obj (.text)

.cinit     0    000008e8    00000024     
                  000008e8    00000011     (.cinit..data.load) [load image, compression = lzss]
                  000008f9    00000003     --HOLE-- [fill = 0]
                  000008fc    00000008     (__TI_handler_table)
                  00000904    00000008     (__TI_cinit_table)

.init_array 
*          0    00000000    00000000     UNINITIALIZED

.stack     0    20000000    00000200     UNINITIALIZED
                  20000000    00000200     --HOLE--

.data      0    20000200    00000018     UNINITIALIZED
                  20000200    0000000c     rtsv7M4_T_le_v4SPD16_eabi.lib : exit.obj (.data:$O1$$)
                  2000020c    00000008                                   : _lock.obj (.data:$O1$$)
                  20000214    00000004                                   : stkdepth_vars.obj (.data)

MODULE SUMMARY

       Module                         code   ro data   rw data
       ------                         ----   -------   -------
    .\
       tm4c123gh6pm_startup_ccs.obj   12     620       0      
       main.obj                       260    0         0      
    +--+------------------------------+------+---------+---------+
       Total:                         272    620       0      
                                                              
    D:/ti/TivaWare_C_Series-2/driverlib/ccs/Debug/driverlib.lib
       gpio.obj                       402    0         0      
       sysctl.obj                     302    0         0      
    +--+------------------------------+------+---------+---------+
       Total:                         704    0         0      
                                                              
    D:\ti\ccsv7\tools\compiler\ti-cgt-arm_16.9.1.LTS\lib\rtsv7M4_T_le_v4SPD16_eabi.lib
       memcpy_t2.obj                  156    0         0      
       autoinit.obj                   112    0         0      
       copy_decompress_lzss.obj       104    0         0      
       exit.obj                       84     0         12     
       boot.obj                       84     0         0      
       cpy_tbl.obj                    76     0         0      
       _lock.obj                      20     0         8      
       args_main.obj                  24     0         0      
       copy_decompress_none.obj       14     0         0      
       pre_init.obj                   4      0         0      
       stkdepth_vars.obj              0      0         4      
       mpu_init.obj                   2      0         0      
       startup.obj                    2      0         0      
    +--+------------------------------+------+---------+---------+
       Total:                         682    0         24     
                                                              
       Stack:                         0      0         512    
       Linker Generated:              0      33        0      
    +--+------------------------------+------+---------+---------+
       Grand Total:                   1658   653       536    


LINKER GENERATED COPY TABLES

__TI_cinit_table @ 00000904 records: 1, size/record: 8, table size: 8
	.data: load addr=000008e8, load size=00000011 bytes, run addr=20000200, run size=00000018 bytes, compression=lzss


LINKER GENERATED HANDLER TABLE

__TI_handler_table @ 000008fc records: 2, size/record: 4, table size: 8
	index: 0, handler: __TI_decompress_lzss
	index: 1, handler: __TI_decompress_none


GLOBAL SYMBOLS: SORTED ALPHABETICALLY BY Name 

address   name                           
-------   ----                           
00000761  C$$EXIT                        
00000835  GPIODirModeSet                 
0000026d  GPIOPadConfigSet               
000008d1  GPIOPinRead                    
000008a5  GPIOPinTypeGPIOInput           
0000085f  GPIOPinTypeGPIOOutput          
000008d7  GPIOPinWrite                   
000008c5  ResetISR                       
UNDEFED   SHT$$INIT_ARRAY$$Base          
UNDEFED   SHT$$INIT_ARRAY$$Limit         
000004a5  SysCtlClockSet                 
000008dd  SysCtlDelay                    
00000801  SysCtlPeripheralEnable         
20000200  __STACK_END                    
00000200  __STACK_SIZE                   
20000200  __STACK_TOP                    
00000904  __TI_CINIT_Base                
0000090c  __TI_CINIT_Limit               
000008fc  __TI_Handler_Table_Base        
00000904  __TI_Handler_Table_Limit       
00000635  __TI_auto_init                 
20000200  __TI_cleanup_ptr               
000006a5  __TI_decompress_lzss           
000008b7  __TI_decompress_none           
20000204  __TI_dtors_ptr                 
20000208  __TI_enable_exit_profile_output
ffffffff  __TI_pprof_out_hndl            
ffffffff  __TI_prof_data_size            
ffffffff  __TI_prof_data_start           
00000000  __TI_static_base__             
00000599  __aeabi_memcpy                 
00000599  __aeabi_memcpy4                
00000599  __aeabi_memcpy8                
ffffffff  __binit__                      
ffffffff  __c_args__                     
0000039f  __mpu_init                     
20000000  __stack                        
00000879  _args_main                     
0000070d  _c_int00                       
2000020c  _lock                          
0000089f  _nop                           
00000897  _register_lock                 
00000891  _register_unlock               
00000877  _system_post_cinit             
000008e3  _system_pre_init               
20000210  _unlock                        
00000765  abort                          
ffffffff  binit                          
000007b5  copy_in                        
0000076d  exit                           
00000000  g_pfnVectors                   
000003a1  main                           
20000214  main_func_sp                   
00000599  memcpy                         


GLOBAL SYMBOLS: SORTED BY Symbol Address 

address   name                           
-------   ----                           
00000000  __TI_static_base__             
00000000  g_pfnVectors                   
00000200  __STACK_SIZE                   
0000026d  GPIOPadConfigSet               
0000039f  __mpu_init                     
000003a1  main                           
000004a5  SysCtlClockSet                 
00000599  __aeabi_memcpy                 
00000599  __aeabi_memcpy4                
00000599  __aeabi_memcpy8                
00000599  memcpy                         
00000635  __TI_auto_init                 
000006a5  __TI_decompress_lzss           
0000070d  _c_int00                       
00000761  C$$EXIT                        
00000765  abort                          
0000076d  exit                           
000007b5  copy_in                        
00000801  SysCtlPeripheralEnable         
00000835  GPIODirModeSet                 
0000085f  GPIOPinTypeGPIOOutput          
00000877  _system_post_cinit             
00000879  _args_main                     
00000891  _register_unlock               
00000897  _register_lock                 
0000089f  _nop                           
000008a5  GPIOPinTypeGPIOInput           
000008b7  __TI_decompress_none           
000008c5  ResetISR                       
000008d1  GPIOPinRead                    
000008d7  GPIOPinWrite                   
000008dd  SysCtlDelay                    
000008e3  _system_pre_init               
000008fc  __TI_Handler_Table_Base        
00000904  __TI_CINIT_Base                
00000904  __TI_Handler_Table_Limit       
0000090c  __TI_CINIT_Limit               
20000000  __stack                        
20000200  __STACK_END                    
20000200  __STACK_TOP                    
20000200  __TI_cleanup_ptr               
20000204  __TI_dtors_ptr                 
20000208  __TI_enable_exit_profile_output
2000020c  _lock                          
20000210  _unlock                        
20000214  main_func_sp                   
ffffffff  __TI_pprof_out_hndl            
ffffffff  __TI_prof_data_size            
ffffffff  __TI_prof_data_start           
ffffffff  __binit__                      
ffffffff  __c_args__                     
ffffffff  binit                          
UNDEFED   SHT$$INIT_ARRAY$$Base          
UNDEFED   SHT$$INIT_ARRAY$$Limit         

[54 symbols]
